// Vitest Snapshot v1, https://vitest.dev/guide/snapshot.html

exports[`Wiki GET Methods > makes a GET request to get all wikis without pages 1`] = `
[
  {
    "_id": "6e3d23f6-890f-4453-af19-f9853a14b354",
    "index": "668819aa359b28399237368f",
    "modified": {
      "$date": 1718207659179,
    },
    "owner": {
      "displayName": "Madame isabelle POLONIO (prof arts plastiques)",
      "userId": "91c22b66-ba1b-4fde-a3fe-95219cc18d4a",
    },
    "title": "Wiki Clément",
  },
  {
    "_id": "2d5bcc14-53bd-4e3a-b886-012a993f9b2b",
    "index": "664c580b17cf9a1d353b97d3",
    "modified": {
      "$date": 1716383468143,
    },
    "owner": {
      "displayName": "Madame isabelle POLONIO (prof arts plastiques)",
      "userId": "91c22b66-ba1b-4fde-a3fe-95219cc18d4a",
    },
    "thumbnail": "/workspace/document/f0ee4441-9f40-41ce-9235-8d1ff68a54fe",
    "title": "Les recettes provençales — Copie",
  },
]
`;
